// Jest Snapshot v1, https://goo.gl/fbAQLP

exports[`u-prose Parses markdown 1`] = `
<div
  class="u-prose--component"
>
  <div>
    <h1>
      Hello 
      <strong>
        World
      </strong>
    </h1>
    

  </div>
</div>
`;
